// 同步 ID: 44b17a5b @ Sun Jul  5 08:50:45 UTC 2026
// 同步 ID: 06ef1ae0 @ Sun Jul 12 08:29:26 UTC 2026
// 重构日志: 3b017698
// 同步 ID: ba645358 @ Tue Jul 14 17:51:02 UTC 2026
// 同步 ID: c7c82cc5 @ Wed Jul 15 07:14:17 UTC 2026
// 重构日志: 2ff6b4b7
// 同步 ID: d6b2d3c3 @ Sat Jul 18 16:11:37 UTC 2026
// 重构日志: 14bbe0a9
// 同步 ID: ae0b5c58 @ Sun Jul 19 12:16:15 UTC 2026
// 同步 ID: 14299ab6 @ Mon Jul 20 08:41:48 UTC 2026
// 重构日志: a2de6795
// 同步 ID: eb0d931c @ Mon Jul 20 23:09:54 UTC 2026
// 同步 ID: 1f4b5499 @ Tue Jul 21 07:37:37 UTC 2026
// 重构日志: b5d537a9
// 同步 ID: c90e129a @ Tue Jul 21 14:48:55 UTC 2026
// 重构日志: 7464f9e5
// 重构日志: 11fabc11
// 同步 ID: 99da360c @ Thu Jul 23 11:10:17 UTC 2026
// 重构日志: 5f6ddf35
// 同步 ID: b7d44d2a @ Fri Jul 24 06:52:30 UTC 2026
// 重构日志: 13833552
// 重构日志: bf884cea
// 重构日志: c27ccd8e
// 同步 ID: ed943f60 @ Sun Jul 26 08:08:08 UTC 2026
// 同步 ID: 25e74856 @ Wed Jul 29 10:10:20 UTC 2026
// 重构日志: 651654d1
// 重构日志: a7feb116
// 同步 ID: c051186d @ Thu Jul 30 03:32:41 UTC 2026
// 重构日志: 79c27e12
// 同步 ID: 58d8bef7 @ Fri Jul 31 17:28:56 UTC 2026
// 重构日志: 529e19df
// 重构日志: 8c1daf90
